[2025-05-04 19:49:28Z INFO HostContext] No proxy settings were found based on environmental variables (http_proxy/https_proxy/HTTP_PROXY/HTTPS_PROXY)
[2025-05-04 19:49:28Z INFO HostContext] Well known directory 'Bin': '/Users/ashleynegron/CSE2102-Spring25-Team16/backend/actions-runner/bin'
[2025-05-04 19:49:28Z INFO HostContext] Well known directory 'Root': '/Users/ashleynegron/CSE2102-Spring25-Team16/backend/actions-runner'
[2025-05-04 19:49:28Z INFO HostContext] Well known config file 'Credentials': '/Users/ashleynegron/CSE2102-Spring25-Team16/backend/actions-runner/.credentials'
[2025-05-04 19:49:28Z INFO HostContext] Well known directory 'Bin': '/Users/ashleynegron/CSE2102-Spring25-Team16/backend/actions-runner/bin'
[2025-05-04 19:49:28Z INFO HostContext] Well known directory 'Root': '/Users/ashleynegron/CSE2102-Spring25-Team16/backend/actions-runner'
[2025-05-04 19:49:28Z INFO HostContext] Well known config file 'Runner': '/Users/ashleynegron/CSE2102-Spring25-Team16/backend/actions-runner/.runner'
[2025-05-04 19:49:28Z INFO Listener] Runner is built for OSX (X64) - osx-x64.
[2025-05-04 19:49:28Z INFO Listener] RuntimeInformation: Darwin 24.3.0 Darwin Kernel Version 24.3.0: Thu Jan  2 20:24:23 PST 2025; root:xnu-11215.81.4~3/RELEASE_ARM64_T8122.
[2025-05-04 19:49:28Z INFO Listener] Version: 2.321.0
[2025-05-04 19:49:28Z INFO Listener] Commit: e249007931b7c8e857797fa259c167f0bd4f997a
[2025-05-04 19:49:28Z INFO Listener] Culture: en-US
[2025-05-04 19:49:28Z INFO Listener] UI Culture: en-US
[2025-05-04 19:49:28Z INFO HostContext] Well known directory 'Bin': '/Users/ashleynegron/CSE2102-Spring25-Team16/backend/actions-runner/bin'
[2025-05-04 19:49:28Z INFO HostContext] Well known directory 'Root': '/Users/ashleynegron/CSE2102-Spring25-Team16/backend/actions-runner'
[2025-05-04 19:49:28Z INFO Listener] Validating directory permissions for: '/Users/ashleynegron/CSE2102-Spring25-Team16/backend/actions-runner'
[2025-05-04 19:49:28Z INFO CommandLineParser] Parse
[2025-05-04 19:49:28Z INFO CommandLineParser] Parsing 1 args
[2025-05-04 19:49:28Z INFO CommandLineParser] parsing argument
[2025-05-04 19:49:28Z INFO CommandLineParser] HasArgs: False
[2025-05-04 19:49:28Z INFO CommandLineParser] Adding Command: run
[2025-05-04 19:49:28Z INFO Listener] Arguments parsed
[2025-05-04 19:49:28Z INFO Runner] ExecuteCommand
[2025-05-04 19:49:28Z INFO ConfigurationStore] currentAssemblyLocation: /Users/ashleynegron/CSE2102-Spring25-Team16/backend/actions-runner/bin/Runner.Listener.dll
[2025-05-04 19:49:28Z INFO HostContext] Well known directory 'Bin': '/Users/ashleynegron/CSE2102-Spring25-Team16/backend/actions-runner/bin'
[2025-05-04 19:49:28Z INFO ConfigurationStore] binPath: /Users/ashleynegron/CSE2102-Spring25-Team16/backend/actions-runner/bin
[2025-05-04 19:49:28Z INFO HostContext] Well known directory 'Bin': '/Users/ashleynegron/CSE2102-Spring25-Team16/backend/actions-runner/bin'
[2025-05-04 19:49:28Z INFO HostContext] Well known directory 'Root': '/Users/ashleynegron/CSE2102-Spring25-Team16/backend/actions-runner'
[2025-05-04 19:49:28Z INFO ConfigurationStore] RootFolder: /Users/ashleynegron/CSE2102-Spring25-Team16/backend/actions-runner
[2025-05-04 19:49:28Z INFO HostContext] Well known directory 'Bin': '/Users/ashleynegron/CSE2102-Spring25-Team16/backend/actions-runner/bin'
[2025-05-04 19:49:28Z INFO HostContext] Well known directory 'Root': '/Users/ashleynegron/CSE2102-Spring25-Team16/backend/actions-runner'
[2025-05-04 19:49:28Z INFO HostContext] Well known config file 'Runner': '/Users/ashleynegron/CSE2102-Spring25-Team16/backend/actions-runner/.runner'
[2025-05-04 19:49:28Z INFO ConfigurationStore] ConfigFilePath: /Users/ashleynegron/CSE2102-Spring25-Team16/backend/actions-runner/.runner
[2025-05-04 19:49:28Z INFO HostContext] Well known directory 'Bin': '/Users/ashleynegron/CSE2102-Spring25-Team16/backend/actions-runner/bin'
[2025-05-04 19:49:28Z INFO HostContext] Well known directory 'Root': '/Users/ashleynegron/CSE2102-Spring25-Team16/backend/actions-runner'
[2025-05-04 19:49:28Z INFO HostContext] Well known config file 'Credentials': '/Users/ashleynegron/CSE2102-Spring25-Team16/backend/actions-runner/.credentials'
[2025-05-04 19:49:28Z INFO ConfigurationStore] CredFilePath: /Users/ashleynegron/CSE2102-Spring25-Team16/backend/actions-runner/.credentials
[2025-05-04 19:49:28Z INFO HostContext] Well known directory 'Bin': '/Users/ashleynegron/CSE2102-Spring25-Team16/backend/actions-runner/bin'
[2025-05-04 19:49:28Z INFO HostContext] Well known directory 'Root': '/Users/ashleynegron/CSE2102-Spring25-Team16/backend/actions-runner'
[2025-05-04 19:49:28Z INFO HostContext] Well known config file 'MigratedCredentials': '/Users/ashleynegron/CSE2102-Spring25-Team16/backend/actions-runner/.credentials_migrated'
[2025-05-04 19:49:28Z INFO ConfigurationStore] MigratedCredFilePath: /Users/ashleynegron/CSE2102-Spring25-Team16/backend/actions-runner/.credentials_migrated
[2025-05-04 19:49:28Z INFO HostContext] Well known directory 'Bin': '/Users/ashleynegron/CSE2102-Spring25-Team16/backend/actions-runner/bin'
[2025-05-04 19:49:28Z INFO HostContext] Well known directory 'Root': '/Users/ashleynegron/CSE2102-Spring25-Team16/backend/actions-runner'
[2025-05-04 19:49:28Z INFO HostContext] Well known config file 'Service': '/Users/ashleynegron/CSE2102-Spring25-Team16/backend/actions-runner/.service'
[2025-05-04 19:49:28Z INFO ConfigurationStore] ServiceConfigFilePath: /Users/ashleynegron/CSE2102-Spring25-Team16/backend/actions-runner/.service
[2025-05-04 19:49:28Z INFO CommandSettings] Flag 'help': 'False'
[2025-05-04 19:49:28Z INFO CommandSettings] Flag 'version': 'False'
[2025-05-04 19:49:28Z INFO CommandSettings] Flag 'commit': 'False'
[2025-05-04 19:49:28Z INFO CommandSettings] Flag 'check': 'False'
[2025-05-04 19:49:28Z INFO CommandSettings] Command 'configure': 'False'
[2025-05-04 19:49:28Z INFO CommandSettings] Command 'remove': 'False'
[2025-05-04 19:49:28Z INFO CommandSettings] Command 'warmup': 'False'
[2025-05-04 19:49:28Z INFO ConfigurationManager] LoadSettings
[2025-05-04 19:49:28Z INFO ConfigurationStore] IsConfigured()
[2025-05-04 19:49:28Z INFO ConfigurationStore] IsConfigured: True
[2025-05-04 19:49:28Z INFO ConfigurationManager] Is configured: True
[2025-05-04 19:49:28Z INFO ConfigurationStore] Read setting file: 346 chars
[2025-05-04 19:49:28Z INFO ConfigurationManager] Settings Loaded
[2025-05-04 19:49:28Z INFO ConfigurationStore] IsServiceConfigured()
[2025-05-04 19:49:28Z INFO ConfigurationStore] IsServiceConfigured: False
[2025-05-04 19:49:28Z INFO CommandSettings] Command 'run': 'True'
[2025-05-04 19:49:28Z INFO ConfigurationStore] IsConfigured()
[2025-05-04 19:49:28Z INFO ConfigurationStore] IsConfigured: True
[2025-05-04 19:49:28Z INFO ConfigurationManager] Is configured: True
[2025-05-04 19:49:28Z INFO Runner] Could not parse the argument value '' for StartupType. Defaulting to Manual
[2025-05-04 19:49:28Z INFO Runner] Set runner startup type - Manual
[2025-05-04 19:49:28Z INFO CommandSettings] Flag 'once': 'False'
[2025-05-04 19:49:28Z INFO CommandSettings] Flag 'once': 'False'
[2025-05-04 19:49:28Z INFO Runner] RunAsync
[2025-05-04 19:49:28Z INFO ConfigurationManager] LoadSettings
[2025-05-04 19:49:28Z INFO ConfigurationStore] IsConfigured()
[2025-05-04 19:49:28Z INFO ConfigurationStore] IsConfigured: True
[2025-05-04 19:49:28Z INFO ConfigurationManager] Is configured: True
[2025-05-04 19:49:28Z INFO ConfigurationManager] Settings Loaded
[2025-05-04 19:49:28Z INFO MessageListener] {
  "IsHostedServer": false,
  "AgentId": 1,
  "AgentName": "Ashleys-MacBook-Pro",
  "PoolId": 1,
  "PoolName": "Default",
  "ServerUrl": "https://github.uconn.edu/_services/pipelines/olj2LqilNgvaFdYu4wcr2CTYkRkioFWUMxh6P5akpqmYZF5Tt8",
  "GitHubUrl": "https://github.uconn.edu/CSE2102-Spring25/CSE2102-Spring25-Team16",
  "WorkFolder": "_work"
}
[2025-05-04 19:49:28Z INFO MessageListener] Loading Credentials
[2025-05-04 19:49:28Z INFO ConfigurationStore] HasCredentials()
[2025-05-04 19:49:28Z INFO ConfigurationStore] stored True
[2025-05-04 19:49:28Z INFO CredentialManager] GetCredentialProvider
[2025-05-04 19:49:28Z INFO CredentialManager] Creating type OAuth
[2025-05-04 19:49:28Z INFO CredentialManager] Creating credential type: OAuth
[2025-05-04 19:49:28Z INFO HostContext] Well known directory 'Bin': '/Users/ashleynegron/CSE2102-Spring25-Team16/backend/actions-runner/bin'
[2025-05-04 19:49:28Z INFO HostContext] Well known directory 'Root': '/Users/ashleynegron/CSE2102-Spring25-Team16/backend/actions-runner'
[2025-05-04 19:49:28Z INFO HostContext] Well known config file 'RSACredentials': '/Users/ashleynegron/CSE2102-Spring25-Team16/backend/actions-runner/.credentials_rsaparams'
[2025-05-04 19:49:28Z INFO RSAFileKeyManager] Loading RSA key parameters from file /Users/ashleynegron/CSE2102-Spring25-Team16/backend/actions-runner/.credentials_rsaparams
[2025-05-04 19:49:28Z INFO MessageListener] Attempt to create session.
[2025-05-04 19:49:28Z INFO MessageListener] Connecting to the Runner Server...
[2025-05-04 19:49:28Z INFO RunnerServer] EstablishVssConnection
[2025-05-04 19:49:28Z INFO RunnerServer] Establish connection with 100 seconds timeout.
[2025-05-04 19:49:29Z INFO GitHubActionsService] Starting operation Location.GetConnectionData
[2025-05-04 19:49:29Z INFO RunnerServer] EstablishVssConnection
[2025-05-04 19:49:29Z INFO RunnerServer] Establish connection with 60 seconds timeout.
[2025-05-04 19:49:29Z INFO GitHubActionsService] Starting operation Location.GetConnectionData
[2025-05-04 19:49:29Z INFO RunnerServer] EstablishVssConnection
[2025-05-04 19:49:29Z INFO RunnerServer] Establish connection with 60 seconds timeout.
[2025-05-04 19:49:29Z INFO GitHubActionsService] Starting operation Location.GetConnectionData
[2025-05-04 19:49:29Z INFO GitHubActionsService] Finished operation Location.GetConnectionData
[2025-05-04 19:49:29Z INFO GitHubActionsService] Finished operation Location.GetConnectionData
[2025-05-04 19:49:29Z INFO GitHubActionsService] Finished operation Location.GetConnectionData
[2025-05-04 19:49:29Z INFO MessageListener] VssConnection created
[2025-05-04 19:49:29Z INFO Terminal] WRITE LINE: 
[2025-05-04 19:49:29Z INFO Terminal] WRITE LINE: 
[2025-05-04 19:49:29Z INFO RSAFileKeyManager] Loading RSA key parameters from file /Users/ashleynegron/CSE2102-Spring25-Team16/backend/actions-runner/.credentials_rsaparams
[2025-05-04 19:49:29Z INFO RSAFileKeyManager] Loading RSA key parameters from file /Users/ashleynegron/CSE2102-Spring25-Team16/backend/actions-runner/.credentials_rsaparams
[2025-05-04 19:49:29Z INFO GitHubActionsService] AAD Correlation ID for this token request: Unknown
[2025-05-04 19:49:30Z INFO MessageListener] Session created.
[2025-05-04 19:49:30Z INFO Terminal] WRITE LINE: Current runner version: '2.321.0'
[2025-05-04 19:49:30Z INFO Terminal] WRITE LINE: 2025-05-04 19:49:30Z: Listening for Jobs
[2025-05-04 19:49:30Z INFO JobDispatcher] Set runner/worker IPC timeout to 30 seconds.
[2025-05-04 19:52:37Z INFO RSAFileKeyManager] Loading RSA key parameters from file /Users/ashleynegron/CSE2102-Spring25-Team16/backend/actions-runner/.credentials_rsaparams
[2025-05-04 19:52:38Z INFO MessageListener] Message '1' received from session 'c9b92dcd-008d-4d98-9890-fdead53c71ec'.
[2025-05-04 19:52:38Z INFO Runner] Received job message of length 26559 from service, with hash '74922f6a908e7f057cc325195a38434eff08bbe4a8147f8ad55712d59231d2c1'
[2025-05-04 19:52:38Z INFO JobDispatcher] Job request 284 for plan 8de6be20-5069-4fbc-88c1-bbe66bae90da job 3a559e2a-952e-58d2-b8db-2e604a9266d7 received.
[2025-05-04 19:52:38Z INFO JobDispatcher] Pull OrchestrationId 8de6be20-5069-4fbc-88c1-bbe66bae90da.lint.__default from JWT claims
[2025-05-04 19:52:38Z INFO MessageListener] Received job status event. JobState: Busy
[2025-05-04 19:52:38Z INFO MessageListener] _getMessagesTokenSource is already disposed.
[2025-05-04 19:52:38Z INFO Terminal] WRITE LINE: 2025-05-04 19:52:38Z: Running job: lint
[2025-05-04 19:52:38Z INFO JobDispatcher] Start renew job request 284 for job 3a559e2a-952e-58d2-b8db-2e604a9266d7.
[2025-05-04 19:52:38Z INFO JobDispatcher] Successfully renew job request 284, job is valid till 5/4/2025 8:02:38 PM
[2025-05-04 19:52:38Z INFO HostContext] Well known directory 'Bin': '/Users/ashleynegron/CSE2102-Spring25-Team16/backend/actions-runner/bin'
[2025-05-04 19:52:38Z INFO ProcessInvokerWrapper] Starting process:
[2025-05-04 19:52:38Z INFO ProcessInvokerWrapper]   File name: '/Users/ashleynegron/CSE2102-Spring25-Team16/backend/actions-runner/bin/Runner.Worker'
[2025-05-04 19:52:38Z INFO ProcessInvokerWrapper]   Arguments: 'spawnclient 146 149'
[2025-05-04 19:52:38Z INFO ProcessInvokerWrapper]   Working directory: '/Users/ashleynegron/CSE2102-Spring25-Team16/backend/actions-runner/bin'
[2025-05-04 19:52:38Z INFO ProcessInvokerWrapper]   Require exit code zero: 'False'
[2025-05-04 19:52:38Z INFO ProcessInvokerWrapper]   Encoding web name:  ; code page: ''
[2025-05-04 19:52:38Z INFO ProcessInvokerWrapper]   Force kill process on cancellation: 'True'
[2025-05-04 19:52:38Z INFO ProcessInvokerWrapper]   Redirected STDIN: 'False'
[2025-05-04 19:52:38Z INFO ProcessInvokerWrapper]   Persist current code page: 'False'
[2025-05-04 19:52:38Z INFO ProcessInvokerWrapper]   Keep redirected STDIN open: 'False'
[2025-05-04 19:52:38Z INFO ProcessInvokerWrapper]   High priority process: 'True'
[2025-05-04 19:52:38Z INFO ProcessInvokerWrapper] Process started with process id 89073, waiting for process exit.
[2025-05-04 19:52:38Z INFO JobDispatcher] Send job request message to worker for job 3a559e2a-952e-58d2-b8db-2e604a9266d7.
[2025-05-04 19:52:38Z INFO ProcessChannel] Sending message of length 26559, with hash '74922f6a908e7f057cc325195a38434eff08bbe4a8147f8ad55712d59231d2c1'
[2025-05-04 19:52:38Z INFO JobNotification] Entering JobStarted Notification
[2025-05-04 19:52:38Z INFO JobNotification] Entering StartMonitor
[2025-05-04 19:53:38Z INFO ProcessInvokerWrapper] STDOUT/STDERR stream read finished.
[2025-05-04 19:53:38Z INFO ProcessInvokerWrapper] STDOUT/STDERR stream read finished.
[2025-05-04 19:53:38Z INFO ProcessInvokerWrapper] Finished process 89073 with exit code 102, and elapsed time 00:01:00.2900409.
[2025-05-04 19:53:38Z ERR  GitHubActionsService] PATCH request to https://github.uconn.edu/_services/pipelines/olj2LqilNgvaFdYu4wcr2CTYkRkioFWUMxh6P5akpqmYZF5Tt8/_apis/distributedtask/pools/1/jobrequests/284?lockToken=00000000-0000-0000-0000-000000000000 failed. HTTP Status: BadRequest
[2025-05-04 19:53:38Z INFO JobDispatcher] Worker finished for job 3a559e2a-952e-58d2-b8db-2e604a9266d7. Code: 102
[2025-05-04 19:53:38Z INFO JobDispatcher] finish job request for job 3a559e2a-952e-58d2-b8db-2e604a9266d7 with result: Failed
[2025-05-04 19:53:38Z INFO Terminal] WRITE LINE: 2025-05-04 19:53:38Z: Job lint completed with result: Failed
[2025-05-04 19:53:38Z INFO JobDispatcher] Stop renew job request for job 3a559e2a-952e-58d2-b8db-2e604a9266d7.
[2025-05-04 19:53:38Z INFO JobDispatcher] TaskAgentJobTokenExpiredException received renew job request 284, job is no longer valid, stop renew job request.
[2025-05-04 19:53:38Z INFO JobNotification] Entering JobCompleted Notification
[2025-05-04 19:53:38Z INFO JobNotification] Entering EndMonitor
[2025-05-04 19:53:38Z INFO MessageListener] Received job status event. JobState: Online
[2025-05-04 19:53:38Z WARN GitHubActionsService] GET request to https://github.uconn.edu/_services/pipelines/olj2LqilNgvaFdYu4wcr2CTYkRkioFWUMxh6P5akpqmYZF5Tt8/_apis/distributedtask/pools/1/messages?sessionId=c9b92dcd-008d-4d98-9890-fdead53c71ec&lastMessageId=1&status=Busy&runnerVersion=2.321.0&os=macOS&architecture=X64&disableUpdate=false has been cancelled.
[2025-05-04 19:53:38Z INFO MessageListener] Get messages has been cancelled using local token source. Continue to get messages with new status.
[2025-05-04 19:53:39Z INFO MessageListener] Sleeping for 25.893 seconds before retrying.
[2025-05-04 19:54:06Z INFO MessageListener] Sleeping for 28.273 seconds before retrying.
[2025-05-04 19:55:24Z INFO MessageListener] Sleeping for 18.857 seconds before retrying.
[2025-05-04 19:56:33Z INFO MessageListener] Sleeping for 16.505 seconds before retrying.
