[2025-05-04 20:34:56Z INFO HostContext] No proxy settings were found based on environmental variables (http_proxy/https_proxy/HTTP_PROXY/HTTPS_PROXY)
[2025-05-04 20:34:56Z INFO HostContext] Well known directory 'Bin': '/Users/ashleynegron/CSE2102-Spring25-Team16/actions-runner/bin'
[2025-05-04 20:34:56Z INFO HostContext] Well known directory 'Root': '/Users/ashleynegron/CSE2102-Spring25-Team16/actions-runner'
[2025-05-04 20:34:56Z INFO HostContext] Well known config file 'Credentials': '/Users/ashleynegron/CSE2102-Spring25-Team16/actions-runner/.credentials'
[2025-05-04 20:34:56Z INFO HostContext] Well known directory 'Bin': '/Users/ashleynegron/CSE2102-Spring25-Team16/actions-runner/bin'
[2025-05-04 20:34:56Z INFO HostContext] Well known directory 'Root': '/Users/ashleynegron/CSE2102-Spring25-Team16/actions-runner'
[2025-05-04 20:34:56Z INFO HostContext] Well known config file 'Runner': '/Users/ashleynegron/CSE2102-Spring25-Team16/actions-runner/.runner'
[2025-05-04 20:34:56Z INFO Listener] Runner is built for OSX (X64) - osx-x64.
[2025-05-04 20:34:56Z INFO Listener] RuntimeInformation: Darwin 24.3.0 Darwin Kernel Version 24.3.0: Thu Jan  2 20:24:23 PST 2025; root:xnu-11215.81.4~3/RELEASE_ARM64_T8122.
[2025-05-04 20:34:56Z INFO Listener] Version: 2.321.0
[2025-05-04 20:34:56Z INFO Listener] Commit: e249007931b7c8e857797fa259c167f0bd4f997a
[2025-05-04 20:34:56Z INFO Listener] Culture: en-US
[2025-05-04 20:34:56Z INFO Listener] UI Culture: en-US
[2025-05-04 20:34:56Z INFO HostContext] Well known directory 'Bin': '/Users/ashleynegron/CSE2102-Spring25-Team16/actions-runner/bin'
[2025-05-04 20:34:56Z INFO HostContext] Well known directory 'Root': '/Users/ashleynegron/CSE2102-Spring25-Team16/actions-runner'
[2025-05-04 20:34:56Z INFO Listener] Validating directory permissions for: '/Users/ashleynegron/CSE2102-Spring25-Team16/actions-runner'
[2025-05-04 20:34:56Z INFO CommandLineParser] Parse
[2025-05-04 20:34:56Z INFO CommandLineParser] Parsing 5 args
[2025-05-04 20:34:56Z INFO CommandLineParser] parsing argument
[2025-05-04 20:34:56Z INFO CommandLineParser] HasArgs: False
[2025-05-04 20:34:56Z INFO CommandLineParser] Adding Command: configure
[2025-05-04 20:34:56Z INFO CommandLineParser] parsing argument
[2025-05-04 20:34:56Z INFO CommandLineParser] HasArgs: True
[2025-05-04 20:34:56Z INFO CommandLineParser] arg: url
[2025-05-04 20:34:56Z INFO CommandLineParser] parsing argument
[2025-05-04 20:34:56Z INFO CommandLineParser] HasArgs: True
[2025-05-04 20:34:56Z INFO CommandLineParser] Adding option 'url': 'https://github.uconn.edu/CSE2102-Spring25/CSE2102-Spring25-Team16'
[2025-05-04 20:34:56Z INFO CommandLineParser] parsing argument
[2025-05-04 20:34:56Z INFO CommandLineParser] HasArgs: True
[2025-05-04 20:34:56Z INFO CommandLineParser] arg: token
[2025-05-04 20:34:56Z INFO CommandLineParser] parsing argument
[2025-05-04 20:34:56Z INFO CommandLineParser] HasArgs: True
[2025-05-04 20:34:56Z INFO CommandLineParser] Adding option 'token': '***'
[2025-05-04 20:34:56Z INFO Listener] Arguments parsed
[2025-05-04 20:34:56Z INFO Runner] ExecuteCommand
[2025-05-04 20:34:56Z INFO ConfigurationStore] currentAssemblyLocation: /Users/ashleynegron/CSE2102-Spring25-Team16/actions-runner/bin/Runner.Listener.dll
[2025-05-04 20:34:56Z INFO HostContext] Well known directory 'Bin': '/Users/ashleynegron/CSE2102-Spring25-Team16/actions-runner/bin'
[2025-05-04 20:34:56Z INFO ConfigurationStore] binPath: /Users/ashleynegron/CSE2102-Spring25-Team16/actions-runner/bin
[2025-05-04 20:34:56Z INFO HostContext] Well known directory 'Bin': '/Users/ashleynegron/CSE2102-Spring25-Team16/actions-runner/bin'
[2025-05-04 20:34:56Z INFO HostContext] Well known directory 'Root': '/Users/ashleynegron/CSE2102-Spring25-Team16/actions-runner'
[2025-05-04 20:34:56Z INFO ConfigurationStore] RootFolder: /Users/ashleynegron/CSE2102-Spring25-Team16/actions-runner
[2025-05-04 20:34:56Z INFO HostContext] Well known directory 'Bin': '/Users/ashleynegron/CSE2102-Spring25-Team16/actions-runner/bin'
[2025-05-04 20:34:56Z INFO HostContext] Well known directory 'Root': '/Users/ashleynegron/CSE2102-Spring25-Team16/actions-runner'
[2025-05-04 20:34:56Z INFO HostContext] Well known config file 'Runner': '/Users/ashleynegron/CSE2102-Spring25-Team16/actions-runner/.runner'
[2025-05-04 20:34:56Z INFO ConfigurationStore] ConfigFilePath: /Users/ashleynegron/CSE2102-Spring25-Team16/actions-runner/.runner
[2025-05-04 20:34:56Z INFO HostContext] Well known directory 'Bin': '/Users/ashleynegron/CSE2102-Spring25-Team16/actions-runner/bin'
[2025-05-04 20:34:56Z INFO HostContext] Well known directory 'Root': '/Users/ashleynegron/CSE2102-Spring25-Team16/actions-runner'
[2025-05-04 20:34:56Z INFO HostContext] Well known config file 'Credentials': '/Users/ashleynegron/CSE2102-Spring25-Team16/actions-runner/.credentials'
[2025-05-04 20:34:56Z INFO ConfigurationStore] CredFilePath: /Users/ashleynegron/CSE2102-Spring25-Team16/actions-runner/.credentials
[2025-05-04 20:34:56Z INFO HostContext] Well known directory 'Bin': '/Users/ashleynegron/CSE2102-Spring25-Team16/actions-runner/bin'
[2025-05-04 20:34:56Z INFO HostContext] Well known directory 'Root': '/Users/ashleynegron/CSE2102-Spring25-Team16/actions-runner'
[2025-05-04 20:34:56Z INFO HostContext] Well known config file 'MigratedCredentials': '/Users/ashleynegron/CSE2102-Spring25-Team16/actions-runner/.credentials_migrated'
[2025-05-04 20:34:56Z INFO ConfigurationStore] MigratedCredFilePath: /Users/ashleynegron/CSE2102-Spring25-Team16/actions-runner/.credentials_migrated
[2025-05-04 20:34:56Z INFO HostContext] Well known directory 'Bin': '/Users/ashleynegron/CSE2102-Spring25-Team16/actions-runner/bin'
[2025-05-04 20:34:56Z INFO HostContext] Well known directory 'Root': '/Users/ashleynegron/CSE2102-Spring25-Team16/actions-runner'
[2025-05-04 20:34:56Z INFO HostContext] Well known config file 'Service': '/Users/ashleynegron/CSE2102-Spring25-Team16/actions-runner/.service'
[2025-05-04 20:34:56Z INFO ConfigurationStore] ServiceConfigFilePath: /Users/ashleynegron/CSE2102-Spring25-Team16/actions-runner/.service
[2025-05-04 20:34:56Z INFO CommandSettings] Flag 'help': 'False'
[2025-05-04 20:34:56Z INFO CommandSettings] Flag 'version': 'False'
[2025-05-04 20:34:56Z INFO CommandSettings] Flag 'commit': 'False'
[2025-05-04 20:34:56Z INFO CommandSettings] Flag 'check': 'False'
[2025-05-04 20:34:56Z INFO CommandSettings] Command 'configure': 'True'
[2025-05-04 20:34:56Z INFO Terminal] WRITE LINE: 
[2025-05-04 20:34:56Z INFO Terminal] WRITE LINE: --------------------------------------------------------------------------------
[2025-05-04 20:34:56Z INFO Terminal] WRITE LINE: |        ____ _ _   _   _       _          _        _   _                      |
[2025-05-04 20:34:56Z INFO Terminal] WRITE LINE: |       / ___(_) |_| | | |_   _| |__      / \   ___| |_(_) ___  _ __  ___      |
[2025-05-04 20:34:56Z INFO Terminal] WRITE LINE: |      | |  _| | __| |_| | | | | '_ \    / _ \ / __| __| |/ _ \| '_ \/ __|     |
[2025-05-04 20:34:56Z INFO Terminal] WRITE LINE: |      | |_| | | |_|  _  | |_| | |_) |  / ___ \ (__| |_| | (_) | | | \__ \     |
[2025-05-04 20:34:56Z INFO Terminal] WRITE LINE: |       \____|_|\__|_| |_|\__,_|_.__/  /_/   \_\___|\__|_|\___/|_| |_|___/     |
[2025-05-04 20:34:56Z INFO Terminal] WRITE LINE: |                                                                              |
[2025-05-04 20:34:56Z INFO Terminal] WRITE: |                       
[2025-05-04 20:34:56Z INFO Terminal] WRITE: Self-hosted runner registration
[2025-05-04 20:34:56Z INFO Terminal] WRITE LINE:                         |
[2025-05-04 20:34:56Z INFO Terminal] WRITE LINE: |                                                                              |
[2025-05-04 20:34:56Z INFO Terminal] WRITE LINE: --------------------------------------------------------------------------------
[2025-05-04 20:34:56Z INFO ConfigurationManager] ConfigureAsync
[2025-05-04 20:34:56Z INFO CommandSettings] Flag 'generateServiceConfig': 'False'
[2025-05-04 20:34:56Z INFO ConfigurationStore] IsConfigured()
[2025-05-04 20:34:56Z INFO ConfigurationStore] IsConfigured: False
[2025-05-04 20:34:56Z INFO ConfigurationManager] Is configured: False
[2025-05-04 20:34:56Z INFO CommandSettings] Arg 'url': 'https://github.uconn.edu/CSE2102-Spring25/CSE2102-Spring25-Team16'
[2025-05-04 20:34:56Z INFO CommandSettings] Remove url from Arg dictionary.
[2025-05-04 20:34:56Z INFO CommandSettings] Arg 'token': '***'
[2025-05-04 20:34:56Z INFO CommandSettings] Remove token from Arg dictionary.
[2025-05-04 20:34:59Z INFO ConfigurationManager] Http response code: OK from 'POST https://github.uconn.edu/api/v3/actions/runner-registration' (c060af95-c3f8-4b27-8765-3e893f4b754e)
[2025-05-04 20:34:59Z INFO ConfigurationManager] Using V2 flow: False
[2025-05-04 20:34:59Z INFO ConfigurationManager] cred retrieved via GitHub auth
[2025-05-04 20:34:59Z INFO RunnerServer] EstablishVssConnection
[2025-05-04 20:34:59Z INFO RunnerServer] Establish connection with 100 seconds timeout.
[2025-05-04 20:34:59Z INFO GitHubActionsService] Starting operation Location.GetConnectionData
[2025-05-04 20:34:59Z INFO RunnerServer] EstablishVssConnection
[2025-05-04 20:34:59Z INFO RunnerServer] Establish connection with 60 seconds timeout.
[2025-05-04 20:34:59Z INFO GitHubActionsService] Starting operation Location.GetConnectionData
[2025-05-04 20:34:59Z INFO RunnerServer] EstablishVssConnection
[2025-05-04 20:34:59Z INFO RunnerServer] Establish connection with 60 seconds timeout.
[2025-05-04 20:34:59Z INFO GitHubActionsService] Starting operation Location.GetConnectionData
[2025-05-04 20:34:59Z INFO GitHubActionsService] Finished operation Location.GetConnectionData
[2025-05-04 20:34:59Z INFO GitHubActionsService] Finished operation Location.GetConnectionData
[2025-05-04 20:34:59Z INFO GitHubActionsService] Finished operation Location.GetConnectionData
[2025-05-04 20:34:59Z INFO Terminal] WRITE LINE: 
[2025-05-04 20:34:59Z INFO ConfigurationManager] Test Connection complete.
[2025-05-04 20:34:59Z INFO HostContext] Well known directory 'Bin': '/Users/ashleynegron/CSE2102-Spring25-Team16/actions-runner/bin'
[2025-05-04 20:34:59Z INFO HostContext] Well known directory 'Root': '/Users/ashleynegron/CSE2102-Spring25-Team16/actions-runner'
[2025-05-04 20:34:59Z INFO HostContext] Well known config file 'RSACredentials': '/Users/ashleynegron/CSE2102-Spring25-Team16/actions-runner/.credentials_rsaparams'
[2025-05-04 20:34:59Z INFO RSAFileKeyManager] Creating new RSA key using 2048-bit key length
[2025-05-04 20:34:59Z INFO RSAFileKeyManager] Successfully saved RSA key parameters to file /Users/ashleynegron/CSE2102-Spring25-Team16/actions-runner/.credentials_rsaparams
[2025-05-04 20:34:59Z INFO RSAFileKeyManager] Which2: 'chmod'
[2025-05-04 20:34:59Z INFO RSAFileKeyManager] Location: '/bin/chmod'
[2025-05-04 20:35:00Z INFO HostContext] Well known directory 'Bin': '/Users/ashleynegron/CSE2102-Spring25-Team16/actions-runner/bin'
[2025-05-04 20:35:00Z INFO HostContext] Well known directory 'Root': '/Users/ashleynegron/CSE2102-Spring25-Team16/actions-runner'
[2025-05-04 20:35:00Z INFO ProcessInvokerWrapper] Starting process:
[2025-05-04 20:35:00Z INFO ProcessInvokerWrapper]   File name: '/bin/chmod'
[2025-05-04 20:35:00Z INFO ProcessInvokerWrapper]   Arguments: '600 /Users/ashleynegron/CSE2102-Spring25-Team16/actions-runner/.credentials_rsaparams'
[2025-05-04 20:35:00Z INFO ProcessInvokerWrapper]   Working directory: '/Users/ashleynegron/CSE2102-Spring25-Team16/actions-runner'
[2025-05-04 20:35:00Z INFO ProcessInvokerWrapper]   Require exit code zero: 'False'
[2025-05-04 20:35:00Z INFO ProcessInvokerWrapper]   Encoding web name:  ; code page: ''
[2025-05-04 20:35:00Z INFO ProcessInvokerWrapper]   Force kill process on cancellation: 'False'
[2025-05-04 20:35:00Z INFO ProcessInvokerWrapper]   Redirected STDIN: 'False'
[2025-05-04 20:35:00Z INFO ProcessInvokerWrapper]   Persist current code page: 'False'
[2025-05-04 20:35:00Z INFO ProcessInvokerWrapper]   Keep redirected STDIN open: 'False'
[2025-05-04 20:35:00Z INFO ProcessInvokerWrapper]   High priority process: 'False'
[2025-05-04 20:35:00Z INFO ProcessInvokerWrapper] Process started with process id 96554, waiting for process exit.
[2025-05-04 20:35:00Z INFO ProcessInvokerWrapper] STDOUT/STDERR stream read finished.
[2025-05-04 20:35:00Z INFO ProcessInvokerWrapper] STDOUT/STDERR stream read finished.
[2025-05-04 20:35:00Z INFO ProcessInvokerWrapper] Finished process 96554 with exit code 0, and elapsed time 00:00:00.6278874.
[2025-05-04 20:35:00Z INFO RSAFileKeyManager] Successfully set permissions for RSA key parameters file /Users/ashleynegron/CSE2102-Spring25-Team16/actions-runner/.credentials_rsaparams
[2025-05-04 20:35:00Z INFO CommandSettings] Arg 'runnergroup': ''
[2025-05-04 20:35:00Z INFO CommandSettings] Flag 'unattended': 'False'
[2025-05-04 20:35:00Z INFO PromptManager] ReadValue
[2025-05-04 20:35:00Z INFO Terminal] WRITE: Enter the name of the runner group to add this runner to: 
[2025-05-04 20:35:00Z INFO Terminal] WRITE: [press Enter for Default] 
[2025-05-04 20:35:00Z INFO Terminal] READ LINE
[2025-05-04 20:35:06Z INFO Terminal] Read value: ''
[2025-05-04 20:35:06Z INFO PromptManager] Falling back to the default: 'Default'
[2025-05-04 20:35:06Z INFO Terminal] WRITE LINE: 
[2025-05-04 20:35:06Z INFO ConfigurationManager] Found a self-hosted runner group with id 1 and name Default
[2025-05-04 20:35:06Z INFO CommandSettings] Flag 'disableupdate': 'False'
[2025-05-04 20:35:06Z INFO CommandSettings] Flag 'ephemeral': 'False'
[2025-05-04 20:35:06Z INFO CommandSettings] Arg 'name': ''
[2025-05-04 20:35:06Z INFO CommandSettings] Flag 'unattended': 'False'
[2025-05-04 20:35:06Z INFO PromptManager] ReadValue
[2025-05-04 20:35:06Z INFO Terminal] WRITE: Enter the name of runner: 
[2025-05-04 20:35:06Z INFO Terminal] WRITE: [press Enter for Ashleys-MacBook-Pro] 
[2025-05-04 20:35:06Z INFO Terminal] READ LINE
[2025-05-04 20:35:07Z INFO Terminal] Read value: ''
[2025-05-04 20:35:07Z INFO PromptManager] Falling back to the default: 'Ashleys-MacBook-Pro'
[2025-05-04 20:35:07Z INFO Terminal] WRITE LINE: 
[2025-05-04 20:35:07Z INFO CommandSettings] Arg 'labels': ''
[2025-05-04 20:35:07Z INFO CommandSettings] Flag 'unattended': 'False'
[2025-05-04 20:35:07Z INFO PromptManager] ReadValue
[2025-05-04 20:35:07Z INFO Terminal] WRITE: This runner will have the following labels: 'self-hosted', 'macOS', 'X64' 
Enter any additional labels (ex. label-1,label-2): 
[2025-05-04 20:35:07Z INFO Terminal] WRITE: [press Enter to skip] 
[2025-05-04 20:35:07Z INFO Terminal] READ LINE
[2025-05-04 20:35:09Z INFO Terminal] Read value: ''
[2025-05-04 20:35:09Z INFO Terminal] WRITE LINE: 
[2025-05-04 20:35:09Z INFO CommandSettings] Flag 'disableupdate': 'False'
[2025-05-04 20:35:09Z INFO CommandSettings] Flag 'no-default-labels': 'False'
[2025-05-04 20:35:09Z INFO CommandSettings] Flag 'disableupdate': 'False'
[2025-05-04 20:35:09Z INFO CommandSettings] Flag 'ephemeral': 'False'
[2025-05-04 20:35:09Z INFO ConfigurationStore] Saving OAuth credential @ /Users/ashleynegron/CSE2102-Spring25-Team16/actions-runner/.credentials
[2025-05-04 20:35:09Z INFO ConfigurationStore] Credentials Saved.
[2025-05-04 20:35:09Z INFO ConfigurationStore] HasCredentials()
[2025-05-04 20:35:09Z INFO ConfigurationStore] stored True
[2025-05-04 20:35:09Z INFO CredentialManager] GetCredentialProvider
[2025-05-04 20:35:09Z INFO CredentialManager] Creating type OAuth
[2025-05-04 20:35:09Z INFO CredentialManager] Creating credential type: OAuth
[2025-05-04 20:35:09Z INFO RSAFileKeyManager] Loading RSA key parameters from file /Users/ashleynegron/CSE2102-Spring25-Team16/actions-runner/.credentials_rsaparams
[2025-05-04 20:35:10Z INFO RunnerServer] EstablishVssConnection
[2025-05-04 20:35:10Z INFO RunnerServer] Establish connection with 100 seconds timeout.
[2025-05-04 20:35:10Z INFO GitHubActionsService] Starting operation Location.GetConnectionData
[2025-05-04 20:35:10Z INFO RunnerServer] EstablishVssConnection
[2025-05-04 20:35:10Z INFO RunnerServer] Establish connection with 60 seconds timeout.
[2025-05-04 20:35:10Z INFO GitHubActionsService] Starting operation Location.GetConnectionData
[2025-05-04 20:35:10Z INFO RunnerServer] EstablishVssConnection
[2025-05-04 20:35:10Z INFO RunnerServer] Establish connection with 60 seconds timeout.
[2025-05-04 20:35:10Z INFO GitHubActionsService] Starting operation Location.GetConnectionData
[2025-05-04 20:35:10Z INFO GitHubActionsService] Finished operation Location.GetConnectionData
[2025-05-04 20:35:10Z INFO GitHubActionsService] Finished operation Location.GetConnectionData
[2025-05-04 20:35:10Z INFO GitHubActionsService] Finished operation Location.GetConnectionData
[2025-05-04 20:35:10Z INFO RSAFileKeyManager] Loading RSA key parameters from file /Users/ashleynegron/CSE2102-Spring25-Team16/actions-runner/.credentials_rsaparams
[2025-05-04 20:35:10Z INFO RSAFileKeyManager] Loading RSA key parameters from file /Users/ashleynegron/CSE2102-Spring25-Team16/actions-runner/.credentials_rsaparams
[2025-05-04 20:35:10Z INFO GitHubActionsService] AAD Correlation ID for this token request: Unknown
[2025-05-04 20:35:10Z INFO CommandSettings] Arg 'work': ''
[2025-05-04 20:35:10Z INFO CommandSettings] Flag 'unattended': 'False'
[2025-05-04 20:35:10Z INFO PromptManager] ReadValue
[2025-05-04 20:35:10Z INFO Terminal] WRITE: Enter name of work folder: 
[2025-05-04 20:35:10Z INFO Terminal] WRITE: [press Enter for _work] 
[2025-05-04 20:35:10Z INFO Terminal] READ LINE
[2025-05-04 20:35:12Z INFO Terminal] Read value: ''
[2025-05-04 20:35:12Z INFO PromptManager] Falling back to the default: '_work'
[2025-05-04 20:35:12Z INFO ConfigurationStore] Saving runner settings.
[2025-05-04 20:35:12Z INFO ConfigurationStore] Settings Saved.
[2025-05-04 20:35:12Z INFO Terminal] WRITE LINE: 
[2025-05-04 20:35:12Z INFO Terminal] WRITE LINE: 
[2025-05-04 20:35:12Z INFO OsxServiceControlManager] Service name 'actions.runner._services.Ashleys-MacBook-Pro' display name 'GitHub Actions Runner (_services.Ashleys-MacBook-Pro)' will be used for service configuration.
[2025-05-04 20:35:12Z INFO HostContext] Well known directory 'Bin': '/Users/ashleynegron/CSE2102-Spring25-Team16/actions-runner/bin'
[2025-05-04 20:35:12Z INFO HostContext] Well known directory 'Root': '/Users/ashleynegron/CSE2102-Spring25-Team16/actions-runner'
[2025-05-04 20:35:12Z INFO HostContext] Well known directory 'Bin': '/Users/ashleynegron/CSE2102-Spring25-Team16/actions-runner/bin'
[2025-05-04 20:35:12Z INFO HostContext] Well known directory 'Bin': '/Users/ashleynegron/CSE2102-Spring25-Team16/actions-runner/bin'
[2025-05-04 20:35:12Z INFO HostContext] Well known directory 'Root': '/Users/ashleynegron/CSE2102-Spring25-Team16/actions-runner'
[2025-05-04 20:35:12Z INFO UnixUtil] Which2: 'chmod'
[2025-05-04 20:35:12Z INFO UnixUtil] Location: '/bin/chmod'
[2025-05-04 20:35:12Z INFO UnixUtil] Running /bin/chmod 755 "/Users/ashleynegron/CSE2102-Spring25-Team16/actions-runner/svc.sh"
[2025-05-04 20:35:12Z INFO ProcessInvokerWrapper] Starting process:
[2025-05-04 20:35:12Z INFO ProcessInvokerWrapper]   File name: '/bin/chmod'
[2025-05-04 20:35:12Z INFO ProcessInvokerWrapper]   Arguments: '755 "/Users/ashleynegron/CSE2102-Spring25-Team16/actions-runner/svc.sh"'
[2025-05-04 20:35:12Z INFO ProcessInvokerWrapper]   Working directory: '/Users/ashleynegron/CSE2102-Spring25-Team16/actions-runner'
[2025-05-04 20:35:12Z INFO ProcessInvokerWrapper]   Require exit code zero: 'True'
[2025-05-04 20:35:12Z INFO ProcessInvokerWrapper]   Encoding web name:  ; code page: ''
[2025-05-04 20:35:12Z INFO ProcessInvokerWrapper]   Force kill process on cancellation: 'False'
[2025-05-04 20:35:12Z INFO ProcessInvokerWrapper]   Redirected STDIN: 'False'
[2025-05-04 20:35:12Z INFO ProcessInvokerWrapper]   Persist current code page: 'False'
[2025-05-04 20:35:12Z INFO ProcessInvokerWrapper]   Keep redirected STDIN open: 'False'
[2025-05-04 20:35:12Z INFO ProcessInvokerWrapper]   High priority process: 'False'
[2025-05-04 20:35:12Z INFO ProcessInvokerWrapper] Process started with process id 96591, waiting for process exit.
[2025-05-04 20:35:12Z INFO ProcessInvokerWrapper] STDOUT/STDERR stream read finished.
[2025-05-04 20:35:12Z INFO ProcessInvokerWrapper] STDOUT/STDERR stream read finished.
[2025-05-04 20:35:12Z INFO ProcessInvokerWrapper] Finished process 96591 with exit code 0, and elapsed time 00:00:00.0887081.
[2025-05-04 20:35:12Z INFO Listener] Runner execution has finished with return code 0
